2023-10-03 11:29:42 10216 [Note] Plugin 'FEDERATED' is disabled.
2023-10-03 11:29:43 10216 [Note] InnoDB: Using atomics to ref count buffer pool pages
2023-10-03 11:29:43 10216 [Note] InnoDB: The InnoDB memory heap is disabled
2023-10-03 11:29:43 10216 [Note] InnoDB: Mutexes and rw_locks use Windows interlocked functions
2023-10-03 11:29:43 10216 [Note] InnoDB: Memory barrier is not used
2023-10-03 11:29:43 10216 [Note] InnoDB: Compressed tables use zlib 1.2.3
2023-10-03 11:29:43 10216 [Note] InnoDB: Not using CPU crc32 instructions
2023-10-03 11:29:43 10216 [Note] InnoDB: Initializing buffer pool, size = 128.0M
2023-10-03 11:29:43 10216 [Note] InnoDB: Completed initialization of buffer pool
2023-10-03 11:29:43 10216 [Note] InnoDB: Setting log file Z:\INSTRUTORES\Mauricio Davel\SOFTWARES\DDS\AMBIENTES DE DESENVOLVIMENTO\usbwebserver\mysql\data\ib_logfile101 size to 5 MB
2023-10-03 11:29:44 10216 [Note] InnoDB: Setting log file Z:\INSTRUTORES\Mauricio Davel\SOFTWARES\DDS\AMBIENTES DE DESENVOLVIMENTO\usbwebserver\mysql\data\ib_logfile1 size to 5 MB
2023-10-03 11:29:45 10216 [Note] InnoDB: Renaming log file Z:\INSTRUTORES\Mauricio Davel\SOFTWARES\DDS\AMBIENTES DE DESENVOLVIMENTO\usbwebserver\mysql\data\ib_logfile101 to Z:\INSTRUTORES\Mauricio Davel\SOFTWARES\DDS\AMBIENTES DE DESENVOLVIMENTO\usbwebserver\mysql\data\ib_logfile0
2023-10-03 11:29:45 10216 [Warning] InnoDB: New log files created, LSN=1626134
2023-10-03 11:29:45 10216 [Note] InnoDB: Highest supported file format is Barracuda.
2023-10-03 11:29:45 32e8 InnoDB: Error: page 5 log sequence number 1626646
InnoDB: is in the future! Current system log sequence number 1626636.
InnoDB: Your database may be corrupt or you may have copied the InnoDB
InnoDB: tablespace but not the InnoDB log files. See
InnoDB: http://dev.mysql.com/doc/refman/5.6/en/forcing-innodb-recovery.html
InnoDB: for more information.
2023-10-03 11:29:46 10216 [Note] InnoDB: 128 rollback segment(s) are active.
2023-10-03 11:29:46 10216 [Note] InnoDB: Waiting for purge to start
2023-10-03 11:29:46 10216 [Note] InnoDB: 5.6.34 started; log sequence number 1626636
2023-10-03 11:29:47 10216 [Warning] No existing UUID has been found, so we assume that this is the first time that this server has been started. Generating a new UUID: 4d8b83e2-61f9-11ee-bc64-641c67dad8ad.
2023-10-03 11:29:47 10216 [Note] Server hostname (bind-address): '*'; port: 3306
2023-10-03 11:29:47 10216 [Note] IPv6 is available.
2023-10-03 11:29:47 10216 [Note]   - '::' resolves to '::';
2023-10-03 11:29:47 10216 [Note] Server socket created on IP: '::'.
2023-10-03 11:29:47 10216 [ERROR] Can't start server: Bind on TCP/IP port: No error
2023-10-03 11:29:47 10216 [ERROR] Do you already have another mysqld server running on port: 3306 ?
2023-10-03 11:29:47 10216 [ERROR] Aborting

2023-10-03 11:29:47 10216 [Note] Binlog end
2023-10-03 11:29:47 10216 [Note] Shutting down plugin 'partition'
2023-10-03 11:29:47 10216 [Note] Shutting down plugin 'PERFORMANCE_SCHEMA'
2023-10-03 11:29:47 10216 [Note] Shutting down plugin 'INNODB_SYS_DATAFILES'
2023-10-03 11:29:47 10216 [Note] Shutting down plugin 'INNODB_SYS_TABLESPACES'
2023-10-03 11:29:47 10216 [Note] Shutting down plugin 'INNODB_SYS_FOREIGN_COLS'
2023-10-03 11:29:47 10216 [Note] Shutting down plugin 'INNODB_SYS_FOREIGN'
2023-10-03 11:29:47 10216 [Note] Shutting down plugin 'INNODB_SYS_FIELDS'
2023-10-03 11:29:47 10216 [Note] Shutting down plugin 'INNODB_SYS_COLUMNS'
2023-10-03 11:29:47 10216 [Note] Shutting down plugin 'INNODB_SYS_INDEXES'
2023-10-03 11:29:47 10216 [Note] Shutting down plugin 'INNODB_SYS_TABLESTATS'
2023-10-03 11:29:47 10216 [Note] Shutting down plugin 'INNODB_SYS_TABLES'
2023-10-03 11:29:47 10216 [Note] Shutting down plugin 'INNODB_FT_INDEX_TABLE'
2023-10-03 11:29:47 10216 [Note] Shutting down plugin 'INNODB_FT_INDEX_CACHE'
2023-10-03 11:29:47 10216 [Note] Shutting down plugin 'INNODB_FT_CONFIG'
2023-10-03 11:29:47 10216 [Note] Shutting down plugin 'INNODB_FT_BEING_DELETED'
2023-10-03 11:29:47 10216 [Note] Shutting down plugin 'INNODB_FT_DELETED'
2023-10-03 11:29:47 10216 [Note] Shutting down plugin 'INNODB_FT_DEFAULT_STOPWORD'
2023-10-03 11:29:47 10216 [Note] Shutting down plugin 'INNODB_METRICS'
2023-10-03 11:29:47 10216 [Note] Shutting down plugin 'INNODB_BUFFER_POOL_STATS'
2023-10-03 11:29:47 10216 [Note] Shutting down plugin 'INNODB_BUFFER_PAGE_LRU'
2023-10-03 11:29:47 10216 [Note] Shutting down plugin 'INNODB_BUFFER_PAGE'
2023-10-03 11:29:47 10216 [Note] Shutting down plugin 'INNODB_CMP_PER_INDEX_RESET'
2023-10-03 11:29:47 10216 [Note] Shutting down plugin 'INNODB_CMP_PER_INDEX'
2023-10-03 11:29:47 10216 [Note] Shutting down plugin 'INNODB_CMPMEM_RESET'
2023-10-03 11:29:47 10216 [Note] Shutting down plugin 'INNODB_CMPMEM'
2023-10-03 11:29:47 10216 [Note] Shutting down plugin 'INNODB_CMP_RESET'
2023-10-03 11:29:47 10216 [Note] Shutting down plugin 'INNODB_CMP'
2023-10-03 11:29:47 10216 [Note] Shutting down plugin 'INNODB_LOCK_WAITS'
2023-10-03 11:29:47 10216 [Note] Shutting down plugin 'INNODB_LOCKS'
2023-10-03 11:29:47 10216 [Note] Shutting down plugin 'INNODB_TRX'
2023-10-03 11:29:47 10216 [Note] Shutting down plugin 'InnoDB'
2023-10-03 11:29:47 10216 [Note] InnoDB: FTS optimize thread exiting.
2023-10-03 11:29:47 10216 [Note] InnoDB: Starting shutdown...
2023-10-03 11:29:48 10216 [Note] InnoDB: Shutdown completed; log sequence number 1626646
2023-10-03 11:29:48 10216 [Note] Shutting down plugin 'BLACKHOLE'
2023-10-03 11:29:48 10216 [Note] Shutting down plugin 'ARCHIVE'
2023-10-03 11:29:48 10216 [Note] Shutting down plugin 'MRG_MYISAM'
2023-10-03 11:29:48 10216 [Note] Shutting down plugin 'MyISAM'
2023-10-03 11:29:48 10216 [Note] Shutting down plugin 'MEMORY'
2023-10-03 11:29:48 10216 [Note] Shutting down plugin 'CSV'
2023-10-03 11:29:48 10216 [Note] Shutting down plugin 'sha256_password'
2023-10-03 11:29:48 10216 [Note] Shutting down plugin 'mysql_old_password'
2023-10-03 11:29:48 10216 [Note] Shutting down plugin 'mysql_native_password'
2023-10-03 11:29:48 10216 [Note] Shutting down plugin 'binlog'
2023-10-03 11:29:48 10216 [Note] Z:\INSTRUTORES\Mauricio Davel\SOFTWARES\DDS\AMBIENTES DE DESENVOLVIMENTO\usbwebserver/mysql/bin/mysqld_usbwv8.exe: Shutdown complete

2023-10-03 11:31:17 6324 [Note] Plugin 'FEDERATED' is disabled.
2023-10-03 11:31:17 6324 [Note] InnoDB: Using atomics to ref count buffer pool pages
2023-10-03 11:31:17 6324 [Note] InnoDB: The InnoDB memory heap is disabled
2023-10-03 11:31:17 6324 [Note] InnoDB: Mutexes and rw_locks use Windows interlocked functions
2023-10-03 11:31:17 6324 [Note] InnoDB: Memory barrier is not used
2023-10-03 11:31:17 6324 [Note] InnoDB: Compressed tables use zlib 1.2.3
2023-10-03 11:31:17 6324 [Note] InnoDB: Not using CPU crc32 instructions
2023-10-03 11:31:17 6324 [Note] InnoDB: Initializing buffer pool, size = 128.0M
2023-10-03 11:31:17 6324 [Note] InnoDB: Completed initialization of buffer pool
2023-10-03 11:31:18 6324 [Note] InnoDB: Highest supported file format is Barracuda.
2023-10-03 11:31:19 6324 [Note] InnoDB: 128 rollback segment(s) are active.
2023-10-03 11:31:19 6324 [Note] InnoDB: Waiting for purge to start
2023-10-03 11:31:19 6324 [Note] InnoDB: 5.6.34 started; log sequence number 1626646
2023-10-03 11:31:19 6324 [Note] Server hostname (bind-address): '*'; port: 3306
2023-10-03 11:31:19 6324 [Note] IPv6 is available.
2023-10-03 11:31:19 6324 [Note]   - '::' resolves to '::';
2023-10-03 11:31:19 6324 [Note] Server socket created on IP: '::'.
2023-10-03 11:31:19 6324 [ERROR] Can't start server: Bind on TCP/IP port: No such file or directory
2023-10-03 11:31:19 6324 [ERROR] Do you already have another mysqld server running on port: 3306 ?
2023-10-03 11:31:19 6324 [ERROR] Aborting

2023-10-03 11:31:19 6324 [Note] Binlog end
2023-10-03 11:31:19 6324 [Note] Shutting down plugin 'partition'
2023-10-03 11:31:19 6324 [Note] Shutting down plugin 'PERFORMANCE_SCHEMA'
2023-10-03 11:31:19 6324 [Note] Shutting down plugin 'INNODB_SYS_DATAFILES'
2023-10-03 11:31:19 6324 [Note] Shutting down plugin 'INNODB_SYS_TABLESPACES'
2023-10-03 11:31:19 6324 [Note] Shutting down plugin 'INNODB_SYS_FOREIGN_COLS'
2023-10-03 11:31:19 6324 [Note] Shutting down plugin 'INNODB_SYS_FOREIGN'
2023-10-03 11:31:19 6324 [Note] Shutting down plugin 'INNODB_SYS_FIELDS'
2023-10-03 11:31:19 6324 [Note] Shutting down plugin 'INNODB_SYS_COLUMNS'
2023-10-03 11:31:19 6324 [Note] Shutting down plugin 'INNODB_SYS_INDEXES'
2023-10-03 11:31:19 6324 [Note] Shutting down plugin 'INNODB_SYS_TABLESTATS'
2023-10-03 11:31:19 6324 [Note] Shutting down plugin 'INNODB_SYS_TABLES'
2023-10-03 11:31:19 6324 [Note] Shutting down plugin 'INNODB_FT_INDEX_TABLE'
2023-10-03 11:31:19 6324 [Note] Shutting down plugin 'INNODB_FT_INDEX_CACHE'
2023-10-03 11:31:19 6324 [Note] Shutting down plugin 'INNODB_FT_CONFIG'
2023-10-03 11:31:19 6324 [Note] Shutting down plugin 'INNODB_FT_BEING_DELETED'
2023-10-03 11:31:19 6324 [Note] Shutting down plugin 'INNODB_FT_DELETED'
2023-10-03 11:31:19 6324 [Note] Shutting down plugin 'INNODB_FT_DEFAULT_STOPWORD'
2023-10-03 11:31:19 6324 [Note] Shutting down plugin 'INNODB_METRICS'
2023-10-03 11:31:19 6324 [Note] Shutting down plugin 'INNODB_BUFFER_POOL_STATS'
2023-10-03 11:31:19 6324 [Note] Shutting down plugin 'INNODB_BUFFER_PAGE_LRU'
2023-10-03 11:31:19 6324 [Note] Shutting down plugin 'INNODB_BUFFER_PAGE'
2023-10-03 11:31:19 6324 [Note] Shutting down plugin 'INNODB_CMP_PER_INDEX_RESET'
2023-10-03 11:31:19 6324 [Note] Shutting down plugin 'INNODB_CMP_PER_INDEX'
2023-10-03 11:31:19 6324 [Note] Shutting down plugin 'INNODB_CMPMEM_RESET'
2023-10-03 11:31:19 6324 [Note] Shutting down plugin 'INNODB_CMPMEM'
2023-10-03 11:31:19 6324 [Note] Shutting down plugin 'INNODB_CMP_RESET'
2023-10-03 11:31:19 6324 [Note] Shutting down plugin 'INNODB_CMP'
2023-10-03 11:31:19 6324 [Note] Shutting down plugin 'INNODB_LOCK_WAITS'
2023-10-03 11:31:19 6324 [Note] Shutting down plugin 'INNODB_LOCKS'
2023-10-03 11:31:19 6324 [Note] Shutting down plugin 'INNODB_TRX'
2023-10-03 11:31:19 6324 [Note] Shutting down plugin 'InnoDB'
2023-10-03 11:31:19 6324 [Note] InnoDB: FTS optimize thread exiting.
2023-10-03 11:31:19 6324 [Note] InnoDB: Starting shutdown...
2023-10-03 11:31:21 6324 [Note] InnoDB: Shutdown completed; log sequence number 1626656
2023-10-03 11:31:21 6324 [Note] Shutting down plugin 'BLACKHOLE'
2023-10-03 11:31:21 6324 [Note] Shutting down plugin 'ARCHIVE'
2023-10-03 11:31:21 6324 [Note] Shutting down plugin 'MRG_MYISAM'
2023-10-03 11:31:21 6324 [Note] Shutting down plugin 'MyISAM'
2023-10-03 11:31:21 6324 [Note] Shutting down plugin 'MEMORY'
2023-10-03 11:31:21 6324 [Note] Shutting down plugin 'CSV'
2023-10-03 11:31:21 6324 [Note] Shutting down plugin 'sha256_password'
2023-10-03 11:31:21 6324 [Note] Shutting down plugin 'mysql_old_password'
2023-10-03 11:31:21 6324 [Note] Shutting down plugin 'mysql_native_password'
2023-10-03 11:31:21 6324 [Note] Shutting down plugin 'binlog'
2023-10-03 11:31:21 6324 [Note] Z:\INSTRUTORES\Mauricio Davel\SOFTWARES\DDS\AMBIENTES DE DESENVOLVIMENTO\usbwebserver/mysql/bin/mysqld_usbwv8.exe: Shutdown complete

2023-10-03 11:32:09 10696 [Note] Plugin 'FEDERATED' is disabled.
2023-10-03 11:32:09 10696 [Note] InnoDB: Using atomics to ref count buffer pool pages
2023-10-03 11:32:09 10696 [Note] InnoDB: The InnoDB memory heap is disabled
2023-10-03 11:32:09 10696 [Note] InnoDB: Mutexes and rw_locks use Windows interlocked functions
2023-10-03 11:32:09 10696 [Note] InnoDB: Memory barrier is not used
2023-10-03 11:32:09 10696 [Note] InnoDB: Compressed tables use zlib 1.2.3
2023-10-03 11:32:10 10696 [Note] InnoDB: Not using CPU crc32 instructions
2023-10-03 11:32:10 10696 [Note] InnoDB: Initializing buffer pool, size = 128.0M
2023-10-03 11:32:10 10696 [Note] InnoDB: Completed initialization of buffer pool
2023-10-03 11:32:10 10696 [Note] InnoDB: Highest supported file format is Barracuda.
2023-10-03 11:32:11 10696 [Note] InnoDB: 128 rollback segment(s) are active.
2023-10-03 11:32:11 10696 [Note] InnoDB: Waiting for purge to start
2023-10-03 11:32:11 10696 [Note] InnoDB: 5.6.34 started; log sequence number 1626656
2023-10-03 11:32:11 10696 [Note] Server hostname (bind-address): '*'; port: 3306
2023-10-03 11:32:11 10696 [Note] IPv6 is available.
2023-10-03 11:32:11 10696 [Note]   - '::' resolves to '::';
2023-10-03 11:32:11 10696 [Note] Server socket created on IP: '::'.
